[demos.themeselection.com/sneat-bootstrap-html-admin-template-free/html/index.html]
[backblue.gif]
[fade.gif]
[index.html]
[demos.themeselection.com/sneat-bootstrap-html-admin-template-free/assets/vendor/js/helpers.js]
[demos.themeselection.com/sneat-bootstrap-html-admin-template-free/assets/js/config.js]
[demos.themeselection.com/sneat-bootstrap-html-admin-template-free/html/index-2.html]
[demos.themeselection.com/sneat-bootstrap-html-admin-template-free/html/app-academy-dashboard.html]
[demos.themeselection.com/sneat-bootstrap-html-admin-template-free/html/layouts-without-menu.html]
[demos.themeselection.com/sneat-bootstrap-html-admin-template-free/html/layouts-without-navbar.html]
[demos.themeselection.com/sneat-bootstrap-html-admin-template-free/html/layouts-fluid.html]
[demos.themeselection.com/sneat-bootstrap-html-admin-template-free/html/layouts-container.html]
[demos.themeselection.com/sneat-bootstrap-html-admin-template-free/html/layouts-blank.html]
[demos.themeselection.com/sneat-bootstrap-html-admin-template-free/html/pages-account-settings-account.html]
[demos.themeselection.com/sneat-bootstrap-html-admin-template-free/html/pages-account-settings-notifications.html]
[demos.themeselection.com/sneat-bootstrap-html-admin-template-free/html/pages-account-settings-connections.html]
[demos.themeselection.com/sneat-bootstrap-html-admin-template-free/html/auth-login-basic.html]
[demos.themeselection.com/sneat-bootstrap-html-admin-template-free/html/auth-register-basic.html]
[demos.themeselection.com/sneat-bootstrap-html-admin-template-free/html/auth-forgot-password-basic.html]
[demos.themeselection.com/sneat-bootstrap-html-admin-template-free/html/pages-misc-error.html]
[demos.themeselection.com/sneat-bootstrap-html-admin-template-free/html/pages-misc-under-maintenance.html]
[demos.themeselection.com/sneat-bootstrap-html-admin-template-free/html/cards-basic.html]
[demos.themeselection.com/sneat-bootstrap-html-admin-template-free/html/ui-accordion.html]
[demos.themeselection.com/sneat-bootstrap-html-admin-template-free/html/ui-alerts.html]
[demos.themeselection.com/sneat-bootstrap-html-admin-template-free/html/ui-badges.html]
[demos.themeselection.com/sneat-bootstrap-html-admin-template-free/html/ui-buttons.html]
[demos.themeselection.com/sneat-bootstrap-html-admin-template-free/html/ui-carousel.html]
[demos.themeselection.com/sneat-bootstrap-html-admin-template-free/html/ui-collapse.html]
[demos.themeselection.com/sneat-bootstrap-html-admin-template-free/html/ui-dropdowns.html]
[demos.themeselection.com/sneat-bootstrap-html-admin-template-free/html/ui-footer.html]
[demos.themeselection.com/sneat-bootstrap-html-admin-template-free/html/ui-list-groups.html]
[demos.themeselection.com/sneat-bootstrap-html-admin-template-free/html/ui-modals.html]
[demos.themeselection.com/sneat-bootstrap-html-admin-template-free/html/ui-navbar.html]
[demos.themeselection.com/sneat-bootstrap-html-admin-template-free/html/ui-offcanvas.html]
[demos.themeselection.com/sneat-bootstrap-html-admin-template-free/html/ui-pagination-breadcrumbs.html]
[demos.themeselection.com/sneat-bootstrap-html-admin-template-free/html/ui-progress.html]
[demos.themeselection.com/sneat-bootstrap-html-admin-template-free/html/ui-spinners.html]
[demos.themeselection.com/sneat-bootstrap-html-admin-template-free/html/ui-tabs-pills.html]
[demos.themeselection.com/sneat-bootstrap-html-admin-template-free/html/ui-toasts.html]
[demos.themeselection.com/sneat-bootstrap-html-admin-template-free/html/ui-tooltips-popovers.html]
[demos.themeselection.com/sneat-bootstrap-html-admin-template-free/html/ui-typography.html]
[demos.themeselection.com/sneat-bootstrap-html-admin-template-free/html/extended-ui-perfect-scrollbar.html]
[demos.themeselection.com/sneat-bootstrap-html-admin-template-free/html/extended-ui-text-divider.html]
[demos.themeselection.com/sneat-bootstrap-html-admin-template-free/html/icons-boxicons.html]
[demos.themeselection.com/sneat-bootstrap-html-admin-template-free/html/forms-basic-inputs.html]
[demos.themeselection.com/sneat-bootstrap-html-admin-template-free/html/forms-input-groups.html]
[demos.themeselection.com/sneat-bootstrap-html-admin-template-free/html/form-layouts-vertical.html]
[demos.themeselection.com/sneat-bootstrap-html-admin-template-free/html/form-layouts-horizontal.html]
[demos.themeselection.com/sneat-bootstrap-html-admin-template-free/html/tables-basic.html]
[demos.themeselection.com/sneat-bootstrap-html-admin-template-free/assets/img/avatars/1.png]
[demos.themeselection.com/sneat-bootstrap-html-admin-template-free/assets/img/illustrations/man-with-laptop.png]
[demos.themeselection.com/sneat-bootstrap-html-admin-template-free/assets/img/icons/unicons/chart-success.png]
[demos.themeselection.com/sneat-bootstrap-html-admin-template-free/assets/img/icons/unicons/wallet-info.png]
[demos.themeselection.com/sneat-bootstrap-html-admin-template-free/assets/img/icons/unicons/paypal.png]
[demos.themeselection.com/sneat-bootstrap-html-admin-template-free/assets/img/icons/unicons/cc-primary.png]
[demos.themeselection.com/sneat-bootstrap-html-admin-template-free/assets/img/icons/unicons/wallet.png]
[demos.themeselection.com/sneat-bootstrap-html-admin-template-free/assets/img/icons/unicons/chart.png]
[demos.themeselection.com/sneat-bootstrap-html-admin-template-free/assets/img/icons/unicons/cc-warning.png]
[demos.themeselection.com/sneat-bootstrap-html-admin-template-free/assets/vendor/libs/jquery/jquery.js]
[demos.themeselection.com/sneat-bootstrap-html-admin-template-free/assets/vendor/libs/popper/popper.js]
[demos.themeselection.com/sneat-bootstrap-html-admin-template-free/assets/vendor/js/bootstrap.js]
[demos.themeselection.com/sneat-bootstrap-html-admin-template-free/assets/vendor/libs/perfect-scrollbar/perfect-scrollbar.js]
[demos.themeselection.com/sneat-bootstrap-html-admin-template-free/assets/vendor/js/menu.js]
[demos.themeselection.com/sneat-bootstrap-html-admin-template-free/assets/vendor/libs/apex-charts/apexcharts.js]
[demos.themeselection.com/sneat-bootstrap-html-admin-template-free/assets/js/main.js]
[demos.themeselection.com/sneat-bootstrap-html-admin-template-free/assets/js/dashboards-analytics.js]
[demos.themeselection.com/sneat-bootstrap-html-admin-template-free/html/index.html]
[www.googletagmanager.com/gtm5445.html]
[buttons.github.io/buttons.js]
[demos.themeselection.com/sneat-bootstrap-html-admin-template-free/assets/vendor/fonts/boxicons.eot]
[demos.themeselection.com/sneat-bootstrap-html-admin-template-free/assets/vendor/fonts/boxicons.woff2]
[demos.themeselection.com/sneat-bootstrap-html-admin-template-free/assets/vendor/fonts/boxicons.woff]
[demos.themeselection.com/sneat-bootstrap-html-admin-template-free/assets/vendor/fonts/boxicons.ttf]
[demos.themeselection.com/sneat-bootstrap-html-admin-template-free/assets/vendor/fonts/boxiconsd41d.svg]
[demos.themeselection.com/sneat-bootstrap-html-admin-template-free/assets/vendor/fonts/boxicons/boxicons.eot]
[demos.themeselection.com/sneat-bootstrap-html-admin-template-free/assets/vendor/fonts/boxicons/boxicons.woff2]
[demos.themeselection.com/sneat-bootstrap-html-admin-template-free/assets/vendor/fonts/boxicons/boxicons.woff]
[demos.themeselection.com/sneat-bootstrap-html-admin-template-free/assets/vendor/fonts/boxicons/boxicons.ttf]
[demos.themeselection.com/sneat-bootstrap-html-admin-template-free/assets/vendor/fonts/boxicons.css]
[demos.themeselection.com/sneat-bootstrap-html-admin-template-free/assets/vendor/css/core.css]
[demos.themeselection.com/sneat-bootstrap-html-admin-template-free/assets/vendor/css/theme-default.css]
[demos.themeselection.com/sneat-bootstrap-html-admin-template-free/assets/css/demo.css]
[demos.themeselection.com/sneat-bootstrap-html-admin-template-free/assets/vendor/libs/perfect-scrollbar/perfect-scrollbar.css]
[demos.themeselection.com/sneat-bootstrap-html-admin-template-free/assets/vendor/libs/apex-charts/apex-charts.css]
[demos.themeselection.com/sneat-bootstrap-html-admin-template-free/html/index-2.html]
[demos.themeselection.com/sneat-bootstrap-html-admin-template-free/html/app-academy-dashboard.html]
[demos.themeselection.com/sneat-bootstrap-html-admin-template-free/assets/img/layouts/layout-without-menu-light.png]
[demos.themeselection.com/sneat-bootstrap-html-admin-template-free/html/layouts/layout-without-menu-dark.png]
[demos.themeselection.com/sneat-bootstrap-html-admin-template-free/html/layouts-without-menu.html]
[demos.themeselection.com/sneat-bootstrap-html-admin-template-free/assets/img/layouts/layout-without-navbar-light.png]
[demos.themeselection.com/sneat-bootstrap-html-admin-template-free/html/layouts/layout-without-navbar-dark.png]
[demos.themeselection.com/sneat-bootstrap-html-admin-template-free/html/layouts-without-navbar.html]
[demos.themeselection.com/sneat-bootstrap-html-admin-template-free/assets/img/layouts/layout-fluid-light.png]
[demos.themeselection.com/sneat-bootstrap-html-admin-template-free/html/layouts/layout-fluid-dark.png]
[demos.themeselection.com/sneat-bootstrap-html-admin-template-free/html/layouts-fluid.html]
[demos.themeselection.com/sneat-bootstrap-html-admin-template-free/assets/img/layouts/layout-container-light.png]
[demos.themeselection.com/sneat-bootstrap-html-admin-template-free/html/layouts/layout-container-dark.png]
[demos.themeselection.com/sneat-bootstrap-html-admin-template-free/html/layouts-container.html]
[demos.themeselection.com/sneat-bootstrap-html-admin-template-free/html/layouts-blank.html]
[demos.themeselection.com/sneat-bootstrap-html-admin-template-free/assets/js/pages-account-settings-account.js]
[demos.themeselection.com/sneat-bootstrap-html-admin-template-free/html/pages-account-settings-account.html]
[demos.themeselection.com/sneat-bootstrap-html-admin-template-free/html/pages-account-settings-notifications.html]
[demos.themeselection.com/sneat-bootstrap-html-admin-template-free/assets/img/icons/brands/google.png]
[demos.themeselection.com/sneat-bootstrap-html-admin-template-free/assets/img/icons/brands/slack.png]
[demos.themeselection.com/sneat-bootstrap-html-admin-template-free/assets/img/icons/brands/github.png]
[demos.themeselection.com/sneat-bootstrap-html-admin-template-free/assets/img/icons/brands/mailchimp.png]
[demos.themeselection.com/sneat-bootstrap-html-admin-template-free/assets/img/icons/brands/asana.png]
[demos.themeselection.com/sneat-bootstrap-html-admin-template-free/assets/img/icons/brands/facebook.png]
[demos.themeselection.com/sneat-bootstrap-html-admin-template-free/assets/img/icons/brands/twitter.png]
[demos.themeselection.com/sneat-bootstrap-html-admin-template-free/assets/img/icons/brands/instagram.png]
[demos.themeselection.com/sneat-bootstrap-html-admin-template-free/assets/img/icons/brands/dribbble.png]
[demos.themeselection.com/sneat-bootstrap-html-admin-template-free/assets/img/icons/brands/behance.png]
[demos.themeselection.com/sneat-bootstrap-html-admin-template-free/html/pages-account-settings-connections.html]
[demos.themeselection.com/sneat-bootstrap-html-admin-template-free/html/auth-login-basic.html]
[demos.themeselection.com/sneat-bootstrap-html-admin-template-free/html/auth-register-basic.html]
[demos.themeselection.com/sneat-bootstrap-html-admin-template-free/html/auth-forgot-password-basic.html]
[demos.themeselection.com/sneat-bootstrap-html-admin-template-free/assets/img/illustrations/page-misc-error-light.png]
[demos.themeselection.com/sneat-bootstrap-html-admin-template-free/html/illustrations/page-misc-error-dark.png]
[demos.themeselection.com/sneat-bootstrap-html-admin-template-free/html/pages-misc-error.html]
[demos.themeselection.com/sneat-bootstrap-html-admin-template-free/assets/img/illustrations/girl-doing-yoga-light.png]
[demos.themeselection.com/sneat-bootstrap-html-admin-template-free/html/illustrations/girl-doing-yoga-dark.png]
[demos.themeselection.com/sneat-bootstrap-html-admin-template-free/html/pages-misc-under-maintenance.html]
[demos.themeselection.com/sneat-bootstrap-html-admin-template-free/assets/img/elements/2.jpg]
[demos.themeselection.com/sneat-bootstrap-html-admin-template-free/assets/img/elements/13.jpg]
[demos.themeselection.com/sneat-bootstrap-html-admin-template-free/assets/img/elements/4.jpg]
[demos.themeselection.com/sneat-bootstrap-html-admin-template-free/assets/img/elements/5.jpg]
[demos.themeselection.com/sneat-bootstrap-html-admin-template-free/assets/img/elements/7.jpg]
[demos.themeselection.com/sneat-bootstrap-html-admin-template-free/assets/img/elements/18.jpg]
[demos.themeselection.com/sneat-bootstrap-html-admin-template-free/assets/img/elements/1.jpg]
[demos.themeselection.com/sneat-bootstrap-html-admin-template-free/assets/img/elements/11.jpg]
[demos.themeselection.com/sneat-bootstrap-html-admin-template-free/assets/img/elements/12.jpg]
[demos.themeselection.com/sneat-bootstrap-html-admin-template-free/assets/img/elements/17.jpg]
[demos.themeselection.com/sneat-bootstrap-html-admin-template-free/assets/img/elements/19.jpg]
[demos.themeselection.com/sneat-bootstrap-html-admin-template-free/assets/img/elements/20.jpg]
[demos.themeselection.com/sneat-bootstrap-html-admin-template-free/assets/vendor/libs/masonry/masonry.js]
[demos.themeselection.com/sneat-bootstrap-html-admin-template-free/html/cards-basic.html]
[demos.themeselection.com/sneat-bootstrap-html-admin-template-free/html/ui-accordion.html]
[demos.themeselection.com/sneat-bootstrap-html-admin-template-free/html/ui-alerts.html]
[demos.themeselection.com/sneat-bootstrap-html-admin-template-free/html/ui-badges.html]
[demos.themeselection.com/sneat-bootstrap-html-admin-template-free/html/ui-buttons.html]
[demos.themeselection.com/sneat-bootstrap-html-admin-template-free/html/ui-carousel.html]
[demos.themeselection.com/sneat-bootstrap-html-admin-template-free/assets/img/elements/3.jpg]
[demos.themeselection.com/sneat-bootstrap-html-admin-template-free/html/ui-collapse.html]
[demos.themeselection.com/sneat-bootstrap-html-admin-template-free/html/ui-dropdowns.html]
[demos.themeselection.com/sneat-bootstrap-html-admin-template-free/html/ui-footer.html]
[demos.themeselection.com/sneat-bootstrap-html-admin-template-free/html/ui-list-groups.html]
[demos.themeselection.com/sneat-bootstrap-html-admin-template-free/assets/js/ui-modals.js]
[demos.themeselection.com/sneat-bootstrap-html-admin-template-free/html/ui-modals.html]
[demos.themeselection.com/sneat-bootstrap-html-admin-template-free/html/ui-navbar.html]
[demos.themeselection.com/sneat-bootstrap-html-admin-template-free/html/ui-offcanvas.html]
[demos.themeselection.com/sneat-bootstrap-html-admin-template-free/html/ui-pagination-breadcrumbs.html]
[demos.themeselection.com/sneat-bootstrap-html-admin-template-free/html/ui-progress.html]
[demos.themeselection.com/sneat-bootstrap-html-admin-template-free/html/ui-spinners.html]
[demos.themeselection.com/sneat-bootstrap-html-admin-template-free/html/ui-tabs-pills.html]
[demos.themeselection.com/sneat-bootstrap-html-admin-template-free/assets/js/ui-toasts.js]
[demos.themeselection.com/sneat-bootstrap-html-admin-template-free/html/ui-toasts.html]
[demos.themeselection.com/sneat-bootstrap-html-admin-template-free/assets/js/ui-popover.js]
[demos.themeselection.com/sneat-bootstrap-html-admin-template-free/html/ui-tooltips-popovers.html]
[demos.themeselection.com/sneat-bootstrap-html-admin-template-free/html/ui-typography.html]
[demos.themeselection.com/sneat-bootstrap-html-admin-template-free/assets/img/backgrounds/18.jpg]
[demos.themeselection.com/sneat-bootstrap-html-admin-template-free/assets/js/extended-ui-perfect-scrollbar.js]
[demos.themeselection.com/sneat-bootstrap-html-admin-template-free/html/extended-ui-perfect-scrollbar.html]
[demos.themeselection.com/sneat-bootstrap-html-admin-template-free/html/extended-ui-text-divider.html]
[demos.themeselection.com/sneat-bootstrap-html-admin-template-free/html/icons-boxicons.html]
[demos.themeselection.com/sneat-bootstrap-html-admin-template-free/assets/js/form-basic-inputs.js]
[demos.themeselection.com/sneat-bootstrap-html-admin-template-free/html/forms-basic-inputs.html]
[demos.themeselection.com/sneat-bootstrap-html-admin-template-free/html/forms-input-groups.html]
[demos.themeselection.com/sneat-bootstrap-html-admin-template-free/html/form-layouts-vertical.html]
[demos.themeselection.com/sneat-bootstrap-html-admin-template-free/html/form-layouts-horizontal.html]
[demos.themeselection.com/sneat-bootstrap-html-admin-template-free/assets/img/avatars/5.png]
[demos.themeselection.com/sneat-bootstrap-html-admin-template-free/assets/img/avatars/6.png]
[demos.themeselection.com/sneat-bootstrap-html-admin-template-free/assets/img/avatars/7.png]
[demos.themeselection.com/sneat-bootstrap-html-admin-template-free/html/tables-basic.html]
[demos.themeselection.com/sneat-bootstrap-html-admin-template-free/assets/vendor/fonts/boxicons.html]
[demos.themeselection.com/sneat-bootstrap-html-admin-template-free/assets/vendor/fonts/boxicons-2.html]
[demos.themeselection.com/sneat-bootstrap-html-admin-template-free/assets/vendor/fonts/boxicons-3.html]
[demos.themeselection.com/sneat-bootstrap-html-admin-template-free/assets/vendor/fonts/boxicons-4.html]
[demos.themeselection.com/sneat-bootstrap-html-admin-template-free/assets/vendor/fonts/boxiconsd41d.html]
[demos.themeselection.com/sneat-bootstrap-html-admin-template-free/assets/vendor/fonts/boxicons/boxiconsd41d.svg]
[demos.themeselection.com/sneat-bootstrap-html-admin-template-free/html/layouts/layout-without-menu-dark.html]
[demos.themeselection.com/sneat-bootstrap-html-admin-template-free/html/layouts/layout-without-navbar-dark.html]
[demos.themeselection.com/sneat-bootstrap-html-admin-template-free/html/layouts/layout-fluid-dark.html]
[demos.themeselection.com/sneat-bootstrap-html-admin-template-free/html/layouts/layout-container-dark.html]
[demos.themeselection.com/sneat-bootstrap-html-admin-template-free/assets/vendor/css/pages/page-auth.css]
[demos.themeselection.com/sneat-bootstrap-html-admin-template-free/assets/vendor/css/pages/page-misc.css]
[demos.themeselection.com/sneat-bootstrap-html-admin-template-free/html/illustrations/page-misc-error-dark.html]
[demos.themeselection.com/sneat-bootstrap-html-admin-template-free/html/illustrations/girl-doing-yoga-dark.html]
[demos.themeselection.com/sneat-bootstrap-html-admin-template-free/assets/img/backgrounds/18.html]
[demos.themeselection.com/sneat-bootstrap-html-admin-template-free/assets/vendor/css/pages/page-icons.css]
